---
source: tests/fzf_arguments.rs
expression: stdout
---
#!/bin/bash

fzf \
--disabled \
$'--preview-window=up,99%,border-bottom' \
--no-separator \
$'--info=hidden' \
$'--query=.' \
$'--preview-label-pos=-1' \
$'--history=/tmp/jq_repl_history' \
$'--prompt=-n> ' \
$'--preview=gojq -L $\'~/.jq\' -L $\'~/.jq/.jq\' --raw-output -n -C {q} $\'./tests/foo bar.json\'' \
$'--bind=change:transform-preview-label:printf "%s" {q} | _jq-repl-charcounter ' \
$'--bind=tab:transform-query:echo {q} | _jq-repl-tab-completion' \
$'--bind=ctrl-k:kill-line,pgup:preview-page-up,pgdn:preview-page-down,alt-w:toggle-preview-wrap,alt-W:toggle-preview-wrap-word,home:preview-top,end:preview-bottom' \
$'--bind=alt-c:bg-transform:_jq-repl-transform -f +c -- $\'./tests/foo bar.json\'' \
$'--bind=alt-C:bg-transform:_jq-repl-transform -f -c -- $\'./tests/foo bar.json\'' \
$'--bind=alt-g:bg-transform:_jq-repl-transform -p braille -- $\'./tests/foo bar.json\'' \
$'--bind=ctrl-space:bg-transform:_jq-repl-transform -p gron -- $\'./tests/foo bar.json\'' \
$'--bind=alt-G:bg-transform:_jq-repl-transform -p -- $\'./tests/foo bar.json\'' \
$'--bind=alt-L:execute:gojq -L $\'~/.jq\' -L $\'~/.jq/.jq\' --raw-output -n -M {q} $\'./tests/foo bar.json\' | bat --language json --paging always' \
$'--bind=alt-e:execute:gojq -L $\'~/.jq\' -L $\'~/.jq/.jq\' --raw-output -n -M {q} $\'./tests/foo bar.json\' | nvim -c \'set ft=json\' -' \
$'--bind=alt-E:execute:gojq -L $\'~/.jq\' -L $\'~/.jq/.jq\' --raw-output -n -c -M {q} $\'./tests/foo bar.json\' | nvim -c \'set ft=json\' -' \
$'--bind=alt-l:execute:gojq -L $\'~/.jq\' -L $\'~/.jq/.jq\' --raw-output -n -c -M {q} $\'./tests/foo bar.json\' | less' \
$'--bind=alt-v:execute:gojq -L $\'~/.jq\' -L $\'~/.jq/.jq\' --raw-output -n -M {q} $\'./tests/foo bar.json\' | vd --filetype csv' \
$'--bind=alt-j:execute:gojq -L $\'~/.jq\' -L $\'~/.jq/.jq\' --raw-output -n -M {q} $\'./tests/foo bar.json\' | vd --filetype json' \
$'--bind=alt-J:execute:gojq -L $\'~/.jq\' -L $\'~/.jq/.jq\' --raw-output -n -c -M {q} $\'./tests/foo bar.json\' | vd --filetype jsonl' < /dev/null
