---
source: tests/fzf_arguments.rs
expression: stdout
---
#!/bin/bash

fzf \
--disabled \
$'--preview-window=up,99%,border-bottom' \
--no-separator \
$'--info=hidden' \
--header-first \
$'--query=.' \
$'--prompt=-n> ' \
$'--header=M-e: editor \xE2\x81\x84 M-j: vd \xE2\x81\x84 M-l: pager \xE2\x81\x84 M-g: braille \xE2\x81\x84 ^<space>: gron' \
$'--history=/tmp/jq_repl_history' \
$'--preview-label-pos=-1' \
$'--bind=change:transform-preview-label:printf "%s" {q} | charcounter ' \
$'--preview=gojq -L ~/.jq -L ~/.jq/.jq --raw-output -C -n {q} ./tests/foo.json' \
$'--bind=ctrl-k:kill-line,pgup:preview-page-up,pgdn:preview-page-down,alt-w:toggle-preview-wrap,home:preview-top,end:preview-bottom,tab:refresh-preview' \
$'--bind=alt-s:change-prompt(-ns> )+change-preview:gojq -L ~/.jq -L ~/.jq/.jq --raw-output -C -n --slurp {q} ./tests/foo.json' \
$'--bind=alt-S:change-prompt(-n> )+change-preview:gojq -L ~/.jq -L ~/.jq/.jq --raw-output -C -n {q} ./tests/foo.json' \
$'--bind=alt-c:change-prompt(-nc> )+change-preview:gojq -L ~/.jq -L ~/.jq/.jq --raw-output -C -n -c {q} ./tests/foo.json' \
$'--bind=alt-C:change-prompt(-n> )+change-preview:gojq -L ~/.jq -L ~/.jq/.jq --raw-output -C -n {q} ./tests/foo.json' \
$'--bind=ctrl-space:change-prompt(-n gron> )+change-preview:gojq -L ~/.jq -L ~/.jq/.jq --raw-output -C -n -M {q} ./tests/foo.json | gron --colorize' \
$'--bind=alt-space:change-prompt(-n> )+change-preview:gojq -L ~/.jq -L ~/.jq/.jq --raw-output -C -n {q} ./tests/foo.json' \
$'--bind=alt-g:change-prompt(-n braille> )+change-preview:gojq -L ~/.jq -L ~/.jq/.jq --raw-output -C -n -M {q} ./tests/foo.json | BRAILLE_USE_FULL_DEFAULT_HEIGHT=1 braille --modeline' \
$'--bind=alt-G:change-prompt(-n> )+change-preview:gojq -L ~/.jq -L ~/.jq/.jq --raw-output -C -n {q} ./tests/foo.json' \
$'--bind=alt-e:execute:gojq -L ~/.jq -L ~/.jq/.jq --raw-output -C -n -M {q} ./tests/foo.json | nvim -c \'set ft=json\' -' \
$'--bind=alt-j:execute:gojq -L ~/.jq -L ~/.jq/.jq --raw-output -C -n -M {q} ./tests/foo.json | vd --filetype json' \
$'--bind=alt-J:execute:gojq -L ~/.jq -L ~/.jq/.jq --raw-output -C -n -c -M {q} ./tests/foo.json | vd --filetype jsonl' \
$'--bind=alt-v:execute:gojq -L ~/.jq -L ~/.jq/.jq --raw-output -C -n -M {q} ./tests/foo.json | vd --filetype csv' \
$'--bind=alt-l:execute:gojq -L ~/.jq -L ~/.jq/.jq --raw-output -C -n -c -M {q} ./tests/foo.json | less ' \
$'--bind=alt-L:execute:gojq -L ~/.jq -L ~/.jq/.jq --raw-output -C -n -M {q} ./tests/foo.json | bat --language json --paging always' < /dev/null
